// Jest Snapshot v1, https://goo.gl/fbAQLP

exports[`App Home Page 1`] = `
<main
  className="Main-sc-1h07s3x-0 egPrzL"
>
  <h1>
    Home Page
  </h1>
</main>
`;

exports[`App Navigation 1`] = `
<nav
  className="Flex-sc-14opyce-0 Main__Container-sc-1bu84wq-0 hvJiLq jWAtVQ"
>
  <div>
    <a
      className="Link__AnchorTag-sc-y5hrub-0 TUJiH"
      href="/"
      onClick={[MockFunction]}
    >
      Home
    </a>
    <a
      className="Link__AnchorTag-sc-y5hrub-0 TUJiH"
      href="/about"
      onClick={[MockFunction]}
    >
      About
    </a>
    <a
      className="Link__AnchorTag-sc-y5hrub-0 TUJiH"
      href="/services"
      onClick={[MockFunction]}
    >
      Services
    </a>
  </div>
  <div>
    <button
      className="Button-sc-11v6kpx-0 eacQDx"
      onClick={[Function]}
    >
      Change Theme
    </button>
  </div>
</nav>
`;
